Command line invocation:
    /Applications/Xcode.app/Contents/Developer/usr/bin/xcodebuild -scheme SendToX4 -destination platform=macOS build

Resolve Package Graph


Resolved source packages:
  ZIPFoundation: https://github.com/weichsel/ZIPFoundation.git @ 0.9.20
  swift-atomics: https://github.com/apple/swift-atomics.git @ 1.3.0
  AlertToast: https://github.com/elai950/AlertToast @ 1.3.9
  SwiftSoup: https://github.com/scinfu/SwiftSoup.git @ 2.11.3
  LRUCache: https://github.com/nicklockwood/LRUCache.git @ 1.2.1

--- xcodebuild: WARNING: Using the first of multiple matching destinations:
{ platform:macOS, arch:arm64, id:00008112-001079881104401E, name:My Mac }
{ platform:macOS, arch:x86_64, id:00008112-001079881104401E, name:My Mac }
ComputePackagePrebuildTargetDependencyGraph

Prepare packages

CreateBuildRequest

SendProjectDescription

CreateBuildOperation

ComputeTargetDependencyGraph
note: Building targets in dependency order
note: Target dependency graph (13 targets)
    Target 'SendToX4' in project 'SendToX4'
        ➜ Explicit dependency on target 'AlertToast' in project 'AlertToast'
        ➜ Explicit dependency on target 'ZIPFoundation' in project 'ZIPFoundation'
        ➜ Explicit dependency on target 'SwiftSoup' in project 'SwiftSoup'
    Target 'SwiftSoup' in project 'SwiftSoup'
        ➜ Explicit dependency on target 'SwiftSoup' in project 'SwiftSoup'
        ➜ Explicit dependency on target 'LRUCache' in project 'LRUCache'
        ➜ Explicit dependency on target 'Atomics' in project 'swift-atomics'
    Target 'SwiftSoup' in project 'SwiftSoup'
        ➜ Explicit dependency on target 'LRUCache' in project 'LRUCache'
        ➜ Explicit dependency on target 'Atomics' in project 'swift-atomics'
    Target 'Atomics' in project 'swift-atomics'
        ➜ Explicit dependency on target 'Atomics' in project 'swift-atomics'
        ➜ Explicit dependency on target '_AtomicsShims' in project 'swift-atomics'
    Target 'Atomics' in project 'swift-atomics'
        ➜ Explicit dependency on target '_AtomicsShims' in project 'swift-atomics'
    Target '_AtomicsShims' in project 'swift-atomics' (no dependencies)
    Target 'LRUCache' in project 'LRUCache'
        ➜ Explicit dependency on target 'LRUCache' in project 'LRUCache'
    Target 'LRUCache' in project 'LRUCache' (no dependencies)
    Target 'ZIPFoundation' in project 'ZIPFoundation'
        ➜ Explicit dependency on target 'ZIPFoundation' in project 'ZIPFoundation'
        ➜ Explicit dependency on target 'ZIPFoundation_ZIPFoundation' in project 'ZIPFoundation'
    Target 'ZIPFoundation' in project 'ZIPFoundation'
        ➜ Explicit dependency on target 'ZIPFoundation_ZIPFoundation' in project 'ZIPFoundation'
    Target 'ZIPFoundation_ZIPFoundation' in project 'ZIPFoundation' (no dependencies)
    Target 'AlertToast' in project 'AlertToast'
        ➜ Explicit dependency on target 'AlertToast' in project 'AlertToast'
    Target 'AlertToast' in project 'AlertToast' (no dependencies)

GatherProvisioningInputs

CreateBuildDescription

ExecuteExternalTool /Applications/Xcode.app/Contents/Developer/Toolchains/XcodeDefault.xctoolchain/usr/bin/swiftc --version

ExecuteExternalTool /Applications/Xcode.app/Contents/Developer/Toolchains/XcodeDefault.xctoolchain/usr/bin/clang -v -E -dM -arch arm64 -isysroot /Applications/Xcode.app/Contents/Developer/Platforms/MacOSX.platform/Developer/SDKs/MacOSX26.2.sdk -x c -c /dev/null

ExecuteExternalTool /Applications/Xcode.app/Contents/Developer/Toolchains/XcodeDefault.xctoolchain/usr/bin/clang -v -E -dM -isysroot /Applications/Xcode.app/Contents/Developer/Platforms/MacOSX.platform/Developer/SDKs/MacOSX26.2.sdk -x c -c /dev/null

ExecuteExternalTool /Applications/Xcode.app/Contents/Developer/usr/bin/actool --version --output-format xml1

ExecuteExternalTool /Applications/Xcode.app/Contents/Developer/Toolchains/XcodeDefault.xctoolchain/usr/bin/ld -version_details

ReadFileContents /Applications/Xcode.app/Contents/Developer/Toolchains/XcodeDefault.xctoolchain/usr/share/docc/features.json

Build description signature: 247bf2cf93cce28194e268ecefc61748
Build description path: /Users/nathanielkirchoff/Library/Developer/Xcode/DerivedData/SendToX4-bqjathvbzhnnvwfbqzfrcaqxspzu/Build/Intermediates.noindex/XCBuildData/247bf2cf93cce28194e268ecefc61748.xcbuilddata
ClangStatCache /Applications/Xcode.app/Contents/Developer/Toolchains/XcodeDefault.xctoolchain/usr/bin/clang-stat-cache /Applications/Xcode.app/Contents/Developer/Platforms/MacOSX.platform/Developer/SDKs/MacOSX26.2.sdk /Users/nathanielkirchoff/Library/Developer/Xcode/DerivedData/SDKStatCaches.noindex/macosx26.2-25C57-00fa09913b459cbbc988d1f6730289ae.sdkstatcache
    cd /Users/nathanielkirchoff/crossxapp/CrossX-X3/SendToX4.xcodeproj
    /Applications/Xcode.app/Contents/Developer/Toolchains/XcodeDefault.xctoolchain/usr/bin/clang-stat-cache /Applications/Xcode.app/Contents/Developer/Platforms/MacOSX.platform/Developer/SDKs/MacOSX26.2.sdk -o /Users/nathanielkirchoff/Library/Developer/Xcode/DerivedData/SDKStatCaches.noindex/macosx26.2-25C57-00fa09913b459cbbc988d1f6730289ae.sdkstatcache

Ld /Users/nathanielkirchoff/Library/Developer/Xcode/DerivedData/SendToX4-bqjathvbzhnnvwfbqzfrcaqxspzu/Build/Products/Debug/_AtomicsShims.o normal (in target '_AtomicsShims' from project 'swift-atomics')
    cd /Users/nathanielkirchoff/Library/Developer/Xcode/DerivedData/SendToX4-bqjathvbzhnnvwfbqzfrcaqxspzu/SourcePackages/checkouts/swift-atomics
    /Applications/Xcode.app/Contents/Developer/Toolchains/XcodeDefault.xctoolchain/usr/bin/clang -Xlinker -reproducible -target arm64-apple-macos10.13 -r -isysroot /Applications/Xcode.app/Contents/Developer/Platforms/MacOSX.platform/Developer/SDKs/MacOSX26.2.sdk -O0 -w -L/Users/nathanielkirchoff/Library/Developer/Xcode/DerivedData/SendToX4-bqjathvbzhnnvwfbqzfrcaqxspzu/Build/Intermediates.noindex/EagerLinkingTBDs/Debug -L/Users/nathanielkirchoff/Library/Developer/Xcode/DerivedData/SendToX4-bqjathvbzhnnvwfbqzfrcaqxspzu/Build/Products/Debug -L/Applications/Xcode.app/Contents/Developer/Platforms/MacOSX.platform/Developer/usr/lib -F/Users/nathanielkirchoff/Library/Developer/Xcode/DerivedData/SendToX4-bqjathvbzhnnvwfbqzfrcaqxspzu/Build/Intermediates.noindex/EagerLinkingTBDs/Debug -F/Users/nathanielkirchoff/Library/Developer/Xcode/DerivedData/SendToX4-bqjathvbzhnnvwfbqzfrcaqxspzu/Build/Products/Debug -iframework /Applications/Xcode.app/Contents/Developer/Platforms/MacOSX.platform/Developer/Library/Frameworks -filelist /Users/nathanielkirchoff/Library/Developer/Xcode/DerivedData/SendToX4-bqjathvbzhnnvwfbqzfrcaqxspzu/Build/Intermediates.noindex/swift-atomics.build/Debug/_AtomicsShims.build/Objects-normal/arm64/_AtomicsShims.LinkFileList -nostdlib -Xlinker -object_path_lto -Xlinker /Users/nathanielkirchoff/Library/Developer/Xcode/DerivedData/SendToX4-bqjathvbzhnnvwfbqzfrcaqxspzu/Build/Intermediates.noindex/swift-atomics.build/Debug/_AtomicsShims.build/Objects-normal/arm64/_AtomicsShims_lto.o -rdynamic -Xlinker -no_deduplicate -Xlinker -dependency_info -Xlinker /Users/nathanielkirchoff/Library/Developer/Xcode/DerivedData/SendToX4-bqjathvbzhnnvwfbqzfrcaqxspzu/Build/Intermediates.noindex/swift-atomics.build/Debug/_AtomicsShims.build/Objects-normal/arm64/_AtomicsShims_dependency_info.dat -o /Users/nathanielkirchoff/Library/Developer/Xcode/DerivedData/SendToX4-bqjathvbzhnnvwfbqzfrcaqxspzu/Build/Products/Debug/_AtomicsShims.o

Ld /Users/nathanielkirchoff/Library/Developer/Xcode/DerivedData/SendToX4-bqjathvbzhnnvwfbqzfrcaqxspzu/Build/Products/Debug/LRUCache.o normal (in target 'LRUCache' from project 'LRUCache')
    cd /Users/nathanielkirchoff/Library/Developer/Xcode/DerivedData/SendToX4-bqjathvbzhnnvwfbqzfrcaqxspzu/SourcePackages/checkouts/LRUCache
    /Applications/Xcode.app/Contents/Developer/Toolchains/XcodeDefault.xctoolchain/usr/bin/clang -Xlinker -reproducible -target arm64-apple-macos10.15 -r -isysroot /Applications/Xcode.app/Contents/Developer/Platforms/MacOSX.platform/Developer/SDKs/MacOSX26.2.sdk -O0 -w -L/Users/nathanielkirchoff/Library/Developer/Xcode/DerivedData/SendToX4-bqjathvbzhnnvwfbqzfrcaqxspzu/Build/Intermediates.noindex/EagerLinkingTBDs/Debug -L/Users/nathanielkirchoff/Library/Developer/Xcode/DerivedData/SendToX4-bqjathvbzhnnvwfbqzfrcaqxspzu/Build/Products/Debug -L/Applications/Xcode.app/Contents/Developer/Platforms/MacOSX.platform/Developer/usr/lib -F/Users/nathanielkirchoff/Library/Developer/Xcode/DerivedData/SendToX4-bqjathvbzhnnvwfbqzfrcaqxspzu/Build/Intermediates.noindex/EagerLinkingTBDs/Debug -F/Users/nathanielkirchoff/Library/Developer/Xcode/DerivedData/SendToX4-bqjathvbzhnnvwfbqzfrcaqxspzu/Build/Products/Debug -iframework /Applications/Xcode.app/Contents/Developer/Platforms/MacOSX.platform/Developer/Library/Frameworks -filelist /Users/nathanielkirchoff/Library/Developer/Xcode/DerivedData/SendToX4-bqjathvbzhnnvwfbqzfrcaqxspzu/Build/Intermediates.noindex/LRUCache.build/Debug/LRUCache.build/Objects-normal/arm64/LRUCache.LinkFileList -nostdlib -Xlinker -object_path_lto -Xlinker /Users/nathanielkirchoff/Library/Developer/Xcode/DerivedData/SendToX4-bqjathvbzhnnvwfbqzfrcaqxspzu/Build/Intermediates.noindex/LRUCache.build/Debug/LRUCache.build/Objects-normal/arm64/LRUCache_lto.o -rdynamic -Xlinker -no_deduplicate -Xlinker -dependency_info -Xlinker /Users/nathanielkirchoff/Library/Developer/Xcode/DerivedData/SendToX4-bqjathvbzhnnvwfbqzfrcaqxspzu/Build/Intermediates.noindex/LRUCache.build/Debug/LRUCache.build/Objects-normal/arm64/LRUCache_dependency_info.dat -fobjc-link-runtime -L/Applications/Xcode.app/Contents/Developer/Toolchains/XcodeDefault.xctoolchain/usr/lib/swift/macosx -L/usr/lib/swift -Xlinker -add_ast_path -Xlinker /Users/nathanielkirchoff/Library/Developer/Xcode/DerivedData/SendToX4-bqjathvbzhnnvwfbqzfrcaqxspzu/Build/Intermediates.noindex/LRUCache.build/Debug/LRUCache.build/Objects-normal/arm64/LRUCache.swiftmodule @/Users/nathanielkirchoff/Library/Developer/Xcode/DerivedData/SendToX4-bqjathvbzhnnvwfbqzfrcaqxspzu/Build/Intermediates.noindex/LRUCache.build/Debug/LRUCache.build/Objects-normal/arm64/LRUCache-linker-args.resp -o /Users/nathanielkirchoff/Library/Developer/Xcode/DerivedData/SendToX4-bqjathvbzhnnvwfbqzfrcaqxspzu/Build/Products/Debug/LRUCache.o

Ld /Users/nathanielkirchoff/Library/Developer/Xcode/DerivedData/SendToX4-bqjathvbzhnnvwfbqzfrcaqxspzu/Build/Products/Debug/AlertToast.o normal (in target 'AlertToast' from project 'AlertToast')
    cd /Users/nathanielkirchoff/Library/Developer/Xcode/DerivedData/SendToX4-bqjathvbzhnnvwfbqzfrcaqxspzu/SourcePackages/checkouts/AlertToast
    /Applications/Xcode.app/Contents/Developer/Toolchains/XcodeDefault.xctoolchain/usr/bin/clang -Xlinker -reproducible -target arm64-apple-macos11.0 -r -isysroot /Applications/Xcode.app/Contents/Developer/Platforms/MacOSX.platform/Developer/SDKs/MacOSX26.2.sdk -O0 -w -L/Users/nathanielkirchoff/Library/Developer/Xcode/DerivedData/SendToX4-bqjathvbzhnnvwfbqzfrcaqxspzu/Build/Intermediates.noindex/EagerLinkingTBDs/Debug -L/Users/nathanielkirchoff/Library/Developer/Xcode/DerivedData/SendToX4-bqjathvbzhnnvwfbqzfrcaqxspzu/Build/Products/Debug -L/Applications/Xcode.app/Contents/Developer/Platforms/MacOSX.platform/Developer/usr/lib -F/Users/nathanielkirchoff/Library/Developer/Xcode/DerivedData/SendToX4-bqjathvbzhnnvwfbqzfrcaqxspzu/Build/Intermediates.noindex/EagerLinkingTBDs/Debug -F/Users/nathanielkirchoff/Library/Developer/Xcode/DerivedData/SendToX4-bqjathvbzhnnvwfbqzfrcaqxspzu/Build/Products/Debug -iframework /Applications/Xcode.app/Contents/Developer/Platforms/MacOSX.platform/Developer/Library/Frameworks -filelist /Users/nathanielkirchoff/Library/Developer/Xcode/DerivedData/SendToX4-bqjathvbzhnnvwfbqzfrcaqxspzu/Build/Intermediates.noindex/AlertToast.build/Debug/AlertToast.build/Objects-normal/arm64/AlertToast.LinkFileList -nostdlib -Xlinker -object_path_lto -Xlinker /Users/nathanielkirchoff/Library/Developer/Xcode/DerivedData/SendToX4-bqjathvbzhnnvwfbqzfrcaqxspzu/Build/Intermediates.noindex/AlertToast.build/Debug/AlertToast.build/Objects-normal/arm64/AlertToast_lto.o -rdynamic -Xlinker -no_deduplicate -Xlinker -dependency_info -Xlinker /Users/nathanielkirchoff/Library/Developer/Xcode/DerivedData/SendToX4-bqjathvbzhnnvwfbqzfrcaqxspzu/Build/Intermediates.noindex/AlertToast.build/Debug/AlertToast.build/Objects-normal/arm64/AlertToast_dependency_info.dat -fobjc-link-runtime -L/Applications/Xcode.app/Contents/Developer/Toolchains/XcodeDefault.xctoolchain/usr/lib/swift/macosx -L/usr/lib/swift -Xlinker -add_ast_path -Xlinker /Users/nathanielkirchoff/Library/Developer/Xcode/DerivedData/SendToX4-bqjathvbzhnnvwfbqzfrcaqxspzu/Build/Intermediates.noindex/AlertToast.build/Debug/AlertToast.build/Objects-normal/arm64/AlertToast.swiftmodule @/Users/nathanielkirchoff/Library/Developer/Xcode/DerivedData/SendToX4-bqjathvbzhnnvwfbqzfrcaqxspzu/Build/Intermediates.noindex/AlertToast.build/Debug/AlertToast.build/Objects-normal/arm64/AlertToast-linker-args.resp -o /Users/nathanielkirchoff/Library/Developer/Xcode/DerivedData/SendToX4-bqjathvbzhnnvwfbqzfrcaqxspzu/Build/Products/Debug/AlertToast.o

ProcessInfoPlistFile /Users/nathanielkirchoff/Library/Developer/Xcode/DerivedData/SendToX4-bqjathvbzhnnvwfbqzfrcaqxspzu/Build/Products/Debug/ZIPFoundation_ZIPFoundation.bundle/Contents/Info.plist /Users/nathanielkirchoff/Library/Developer/Xcode/DerivedData/SendToX4-bqjathvbzhnnvwfbqzfrcaqxspzu/Build/Intermediates.noindex/ZIPFoundation.build/Debug/ZIPFoundation_ZIPFoundation.build/empty-ZIPFoundation_ZIPFoundation.plist (in target 'ZIPFoundation_ZIPFoundation' from project 'ZIPFoundation')
    cd /Users/nathanielkirchoff/Library/Developer/Xcode/DerivedData/SendToX4-bqjathvbzhnnvwfbqzfrcaqxspzu/SourcePackages/checkouts/ZIPFoundation
    builtin-infoPlistUtility /Users/nathanielkirchoff/Library/Developer/Xcode/DerivedData/SendToX4-bqjathvbzhnnvwfbqzfrcaqxspzu/Build/Intermediates.noindex/ZIPFoundation.build/Debug/ZIPFoundation_ZIPFoundation.build/empty-ZIPFoundation_ZIPFoundation.plist -producttype com.apple.product-type.bundle -expandbuildsettings -platform macosx -o /Users/nathanielkirchoff/Library/Developer/Xcode/DerivedData/SendToX4-bqjathvbzhnnvwfbqzfrcaqxspzu/Build/Products/Debug/ZIPFoundation_ZIPFoundation.bundle/Contents/Info.plist

ProcessProductPackaging /Users/nathanielkirchoff/crossxapp/CrossX-X3/SendToX4/SendToX4.entitlements /Users/nathanielkirchoff/Library/Developer/Xcode/DerivedData/SendToX4-bqjathvbzhnnvwfbqzfrcaqxspzu/Build/Intermediates.noindex/SendToX4.build/Debug/SendToX4.build/SendToX4.app.xcent (in target 'SendToX4' from project 'SendToX4')
    cd /Users/nathanielkirchoff/crossxapp/CrossX-X3
    
    Entitlements:
    
    {
    "com.apple.security.app-sandbox" = 1;
    "com.apple.security.files.user-selected.read-only" = 1;
    "com.apple.security.get-task-allow" = 1;
    "com.apple.security.network.client" = 1;
}
    
    builtin-productPackagingUtility /Users/nathanielkirchoff/crossxapp/CrossX-X3/SendToX4/SendToX4.entitlements -entitlements -format xml -o /Users/nathanielkirchoff/Library/Developer/Xcode/DerivedData/SendToX4-bqjathvbzhnnvwfbqzfrcaqxspzu/Build/Intermediates.noindex/SendToX4.build/Debug/SendToX4.build/SendToX4.app.xcent

ProcessProductPackagingDER /Users/nathanielkirchoff/Library/Developer/Xcode/DerivedData/SendToX4-bqjathvbzhnnvwfbqzfrcaqxspzu/Build/Intermediates.noindex/SendToX4.build/Debug/SendToX4.build/SendToX4.app.xcent /Users/nathanielkirchoff/Library/Developer/Xcode/DerivedData/SendToX4-bqjathvbzhnnvwfbqzfrcaqxspzu/Build/Intermediates.noindex/SendToX4.build/Debug/SendToX4.build/SendToX4.app.xcent.der (in target 'SendToX4' from project 'SendToX4')
    cd /Users/nathanielkirchoff/crossxapp/CrossX-X3
    /usr/bin/derq query -f xml -i /Users/nathanielkirchoff/Library/Developer/Xcode/DerivedData/SendToX4-bqjathvbzhnnvwfbqzfrcaqxspzu/Build/Intermediates.noindex/SendToX4.build/Debug/SendToX4.build/SendToX4.app.xcent -o /Users/nathanielkirchoff/Library/Developer/Xcode/DerivedData/SendToX4-bqjathvbzhnnvwfbqzfrcaqxspzu/Build/Intermediates.noindex/SendToX4.build/Debug/SendToX4.build/SendToX4.app.xcent.der --raw

Ld /Users/nathanielkirchoff/Library/Developer/Xcode/DerivedData/SendToX4-bqjathvbzhnnvwfbqzfrcaqxspzu/Build/Products/Debug/ZIPFoundation.o normal (in target 'ZIPFoundation' from project 'ZIPFoundation')
    cd /Users/nathanielkirchoff/Library/Developer/Xcode/DerivedData/SendToX4-bqjathvbzhnnvwfbqzfrcaqxspzu/SourcePackages/checkouts/ZIPFoundation
    /Applications/Xcode.app/Contents/Developer/Toolchains/XcodeDefault.xctoolchain/usr/bin/clang -Xlinker -reproducible -target arm64-apple-macos10.13 -r -isysroot /Applications/Xcode.app/Contents/Developer/Platforms/MacOSX.platform/Developer/SDKs/MacOSX26.2.sdk -O0 -w -L/Users/nathanielkirchoff/Library/Developer/Xcode/DerivedData/SendToX4-bqjathvbzhnnvwfbqzfrcaqxspzu/Build/Intermediates.noindex/EagerLinkingTBDs/Debug -L/Users/nathanielkirchoff/Library/Developer/Xcode/DerivedData/SendToX4-bqjathvbzhnnvwfbqzfrcaqxspzu/Build/Products/Debug -L/Applications/Xcode.app/Contents/Developer/Platforms/MacOSX.platform/Developer/usr/lib -F/Users/nathanielkirchoff/Library/Developer/Xcode/DerivedData/SendToX4-bqjathvbzhnnvwfbqzfrcaqxspzu/Build/Intermediates.noindex/EagerLinkingTBDs/Debug -F/Users/nathanielkirchoff/Library/Developer/Xcode/DerivedData/SendToX4-bqjathvbzhnnvwfbqzfrcaqxspzu/Build/Products/Debug -iframework /Applications/Xcode.app/Contents/Developer/Platforms/MacOSX.platform/Developer/Library/Frameworks -filelist /Users/nathanielkirchoff/Library/Developer/Xcode/DerivedData/SendToX4-bqjathvbzhnnvwfbqzfrcaqxspzu/Build/Intermediates.noindex/ZIPFoundation.build/Debug/ZIPFoundation.build/Objects-normal/arm64/ZIPFoundation.LinkFileList -nostdlib -Xlinker -object_path_lto -Xlinker /Users/nathanielkirchoff/Library/Developer/Xcode/DerivedData/SendToX4-bqjathvbzhnnvwfbqzfrcaqxspzu/Build/Intermediates.noindex/ZIPFoundation.build/Debug/ZIPFoundation.build/Objects-normal/arm64/ZIPFoundation_lto.o -rdynamic -Xlinker -no_deduplicate -Xlinker -dependency_info -Xlinker /Users/nathanielkirchoff/Library/Developer/Xcode/DerivedData/SendToX4-bqjathvbzhnnvwfbqzfrcaqxspzu/Build/Intermediates.noindex/ZIPFoundation.build/Debug/ZIPFoundation.build/Objects-normal/arm64/ZIPFoundation_dependency_info.dat -fobjc-link-runtime -L/Applications/Xcode.app/Contents/Developer/Toolchains/XcodeDefault.xctoolchain/usr/lib/swift/macosx -L/usr/lib/swift -Xlinker -add_ast_path -Xlinker /Users/nathanielkirchoff/Library/Developer/Xcode/DerivedData/SendToX4-bqjathvbzhnnvwfbqzfrcaqxspzu/Build/Intermediates.noindex/ZIPFoundation.build/Debug/ZIPFoundation.build/Objects-normal/arm64/ZIPFoundation.swiftmodule @/Users/nathanielkirchoff/Library/Developer/Xcode/DerivedData/SendToX4-bqjathvbzhnnvwfbqzfrcaqxspzu/Build/Intermediates.noindex/ZIPFoundation.build/Debug/ZIPFoundation.build/Objects-normal/arm64/ZIPFoundation-linker-args.resp -o /Users/nathanielkirchoff/Library/Developer/Xcode/DerivedData/SendToX4-bqjathvbzhnnvwfbqzfrcaqxspzu/Build/Products/Debug/ZIPFoundation.o

ExtractAppIntentsMetadata (in target 'LRUCache' from project 'LRUCache')
    cd /Users/nathanielkirchoff/Library/Developer/Xcode/DerivedData/SendToX4-bqjathvbzhnnvwfbqzfrcaqxspzu/SourcePackages/checkouts/LRUCache
    /Applications/Xcode.app/Contents/Developer/Toolchains/XcodeDefault.xctoolchain/usr/bin/appintentsmetadataprocessor --toolchain-dir /Applications/Xcode.app/Contents/Developer/Toolchains/XcodeDefault.xctoolchain --module-name LRUCache --sdk-root /Applications/Xcode.app/Contents/Developer/Platforms/MacOSX.platform/Developer/SDKs/MacOSX26.2.sdk --xcode-version 17C52 --platform-family macOS --deployment-target 10.15 --bundle-identifier lrucache.LRUCache --output /Users/nathanielkirchoff/Library/Developer/Xcode/DerivedData/SendToX4-bqjathvbzhnnvwfbqzfrcaqxspzu/Build/Products/Debug/LRUCache.appintents --target-triple arm64-apple-macos10.15 --binary-file /Users/nathanielkirchoff/Library/Developer/Xcode/DerivedData/SendToX4-bqjathvbzhnnvwfbqzfrcaqxspzu/Build/Products/Debug/LRUCache.o --dependency-file /Users/nathanielkirchoff/Library/Developer/Xcode/DerivedData/SendToX4-bqjathvbzhnnvwfbqzfrcaqxspzu/Build/Intermediates.noindex/LRUCache.build/Debug/LRUCache.build/Objects-normal/arm64/LRUCache_dependency_info.dat --stringsdata-file /Users/nathanielkirchoff/Library/Developer/Xcode/DerivedData/SendToX4-bqjathvbzhnnvwfbqzfrcaqxspzu/Build/Intermediates.noindex/LRUCache.build/Debug/LRUCache.build/Objects-normal/arm64/ExtractedAppShortcutsMetadata.stringsdata --source-file-list /Users/nathanielkirchoff/Library/Developer/Xcode/DerivedData/SendToX4-bqjathvbzhnnvwfbqzfrcaqxspzu/Build/Intermediates.noindex/LRUCache.build/Debug/LRUCache.build/Objects-normal/arm64/LRUCache.SwiftFileList --metadata-file-list /Users/nathanielkirchoff/Library/Developer/Xcode/DerivedData/SendToX4-bqjathvbzhnnvwfbqzfrcaqxspzu/Build/Intermediates.noindex/LRUCache.build/Debug/LRUCache.build/LRUCache.DependencyMetadataFileList --static-metadata-file-list /Users/nathanielkirchoff/Library/Developer/Xcode/DerivedData/SendToX4-bqjathvbzhnnvwfbqzfrcaqxspzu/Build/Intermediates.noindex/LRUCache.build/Debug/LRUCache.build/LRUCache.DependencyStaticMetadataFileList --swift-const-vals-list /Users/nathanielkirchoff/Library/Developer/Xcode/DerivedData/SendToX4-bqjathvbzhnnvwfbqzfrcaqxspzu/Build/Intermediates.noindex/LRUCache.build/Debug/LRUCache.build/Objects-normal/arm64/LRUCache.SwiftConstValuesFileList --force --compile-time-extraction --deployment-aware-processing --validate-assistant-intents --no-app-shortcuts-localization
2026-02-19 13:15:18.608 appintentsmetadataprocessor[31026:298349] Starting appintentsmetadataprocessor export
2026-02-19 13:15:18.740 appintentsmetadataprocessor[31026:298349] Extracted no relevant App Intents symbols, skipping writing output

RegisterExecutionPolicyException /Users/nathanielkirchoff/Library/Developer/Xcode/DerivedData/SendToX4-bqjathvbzhnnvwfbqzfrcaqxspzu/Build/Products/Debug/_AtomicsShims.o (in target '_AtomicsShims' from project 'swift-atomics')
    cd /Users/nathanielkirchoff/Library/Developer/Xcode/DerivedData/SendToX4-bqjathvbzhnnvwfbqzfrcaqxspzu/SourcePackages/checkouts/swift-atomics
    builtin-RegisterExecutionPolicyException /Users/nathanielkirchoff/Library/Developer/Xcode/DerivedData/SendToX4-bqjathvbzhnnvwfbqzfrcaqxspzu/Build/Products/Debug/_AtomicsShims.o

ExtractAppIntentsMetadata (in target 'AlertToast' from project 'AlertToast')
    cd /Users/nathanielkirchoff/Library/Developer/Xcode/DerivedData/SendToX4-bqjathvbzhnnvwfbqzfrcaqxspzu/SourcePackages/checkouts/AlertToast
    /Applications/Xcode.app/Contents/Developer/Toolchains/XcodeDefault.xctoolchain/usr/bin/appintentsmetadataprocessor --toolchain-dir /Applications/Xcode.app/Contents/Developer/Toolchains/XcodeDefault.xctoolchain --module-name AlertToast --sdk-root /Applications/Xcode.app/Contents/Developer/Platforms/MacOSX.platform/Developer/SDKs/MacOSX26.2.sdk --xcode-version 17C52 --platform-family macOS --deployment-target 11.0 --bundle-identifier alerttoast.AlertToast --output /Users/nathanielkirchoff/Library/Developer/Xcode/DerivedData/SendToX4-bqjathvbzhnnvwfbqzfrcaqxspzu/Build/Products/Debug/AlertToast.appintents --target-triple arm64-apple-macos11.0 --binary-file /Users/nathanielkirchoff/Library/Developer/Xcode/DerivedData/SendToX4-bqjathvbzhnnvwfbqzfrcaqxspzu/Build/Products/Debug/AlertToast.o --dependency-file /Users/nathanielkirchoff/Library/Developer/Xcode/DerivedData/SendToX4-bqjathvbzhnnvwfbqzfrcaqxspzu/Build/Intermediates.noindex/AlertToast.build/Debug/AlertToast.build/Objects-normal/arm64/AlertToast_dependency_info.dat --stringsdata-file /Users/nathanielkirchoff/Library/Developer/Xcode/DerivedData/SendToX4-bqjathvbzhnnvwfbqzfrcaqxspzu/Build/Intermediates.noindex/AlertToast.build/Debug/AlertToast.build/Objects-normal/arm64/ExtractedAppShortcutsMetadata.stringsdata --source-file-list /Users/nathanielkirchoff/Library/Developer/Xcode/DerivedData/SendToX4-bqjathvbzhnnvwfbqzfrcaqxspzu/Build/Intermediates.noindex/AlertToast.build/Debug/AlertToast.build/Objects-normal/arm64/AlertToast.SwiftFileList --metadata-file-list /Users/nathanielkirchoff/Library/Developer/Xcode/DerivedData/SendToX4-bqjathvbzhnnvwfbqzfrcaqxspzu/Build/Intermediates.noindex/AlertToast.build/Debug/AlertToast.build/AlertToast.DependencyMetadataFileList --static-metadata-file-list /Users/nathanielkirchoff/Library/Developer/Xcode/DerivedData/SendToX4-bqjathvbzhnnvwfbqzfrcaqxspzu/Build/Intermediates.noindex/AlertToast.build/Debug/AlertToast.build/AlertToast.DependencyStaticMetadataFileList --swift-const-vals-list /Users/nathanielkirchoff/Library/Developer/Xcode/DerivedData/SendToX4-bqjathvbzhnnvwfbqzfrcaqxspzu/Build/Intermediates.noindex/AlertToast.build/Debug/AlertToast.build/Objects-normal/arm64/AlertToast.SwiftConstValuesFileList --force --compile-time-extraction --deployment-aware-processing --validate-assistant-intents --no-app-shortcuts-localization
2026-02-19 13:15:18.608 appintentsmetadataprocessor[31027:298355] Starting appintentsmetadataprocessor export
2026-02-19 13:15:18.740 appintentsmetadataprocessor[31027:298355] Extracted no relevant App Intents symbols, skipping writing output

ExtractAppIntentsMetadata (in target 'ZIPFoundation' from project 'ZIPFoundation')
    cd /Users/nathanielkirchoff/Library/Developer/Xcode/DerivedData/SendToX4-bqjathvbzhnnvwfbqzfrcaqxspzu/SourcePackages/checkouts/ZIPFoundation
    /Applications/Xcode.app/Contents/Developer/Toolchains/XcodeDefault.xctoolchain/usr/bin/appintentsmetadataprocessor --toolchain-dir /Applications/Xcode.app/Contents/Developer/Toolchains/XcodeDefault.xctoolchain --module-name ZIPFoundation --sdk-root /Applications/Xcode.app/Contents/Developer/Platforms/MacOSX.platform/Developer/SDKs/MacOSX26.2.sdk --xcode-version 17C52 --platform-family macOS --deployment-target 10.13 --bundle-identifier zipfoundation.ZIPFoundation --output /Users/nathanielkirchoff/Library/Developer/Xcode/DerivedData/SendToX4-bqjathvbzhnnvwfbqzfrcaqxspzu/Build/Products/Debug/ZIPFoundation.appintents --target-triple arm64-apple-macos10.13 --binary-file /Users/nathanielkirchoff/Library/Developer/Xcode/DerivedData/SendToX4-bqjathvbzhnnvwfbqzfrcaqxspzu/Build/Products/Debug/ZIPFoundation.o --dependency-file /Users/nathanielkirchoff/Library/Developer/Xcode/DerivedData/SendToX4-bqjathvbzhnnvwfbqzfrcaqxspzu/Build/Intermediates.noindex/ZIPFoundation.build/Debug/ZIPFoundation.build/Objects-normal/arm64/ZIPFoundation_dependency_info.dat --stringsdata-file /Users/nathanielkirchoff/Library/Developer/Xcode/DerivedData/SendToX4-bqjathvbzhnnvwfbqzfrcaqxspzu/Build/Intermediates.noindex/ZIPFoundation.build/Debug/ZIPFoundation.build/Objects-normal/arm64/ExtractedAppShortcutsMetadata.stringsdata --source-file-list /Users/nathanielkirchoff/Library/Developer/Xcode/DerivedData/SendToX4-bqjathvbzhnnvwfbqzfrcaqxspzu/Build/Intermediates.noindex/ZIPFoundation.build/Debug/ZIPFoundation.build/Objects-normal/arm64/ZIPFoundation.SwiftFileList --metadata-file-list /Users/nathanielkirchoff/Library/Developer/Xcode/DerivedData/SendToX4-bqjathvbzhnnvwfbqzfrcaqxspzu/Build/Intermediates.noindex/ZIPFoundation.build/Debug/ZIPFoundation.build/ZIPFoundation.DependencyMetadataFileList --static-metadata-file-list /Users/nathanielkirchoff/Library/Developer/Xcode/DerivedData/SendToX4-bqjathvbzhnnvwfbqzfrcaqxspzu/Build/Intermediates.noindex/ZIPFoundation.build/Debug/ZIPFoundation.build/ZIPFoundation.DependencyStaticMetadataFileList --swift-const-vals-list /Users/nathanielkirchoff/Library/Developer/Xcode/DerivedData/SendToX4-bqjathvbzhnnvwfbqzfrcaqxspzu/Build/Intermediates.noindex/ZIPFoundation.build/Debug/ZIPFoundation.build/Objects-normal/arm64/ZIPFoundation.SwiftConstValuesFileList --force --compile-time-extraction --deployment-aware-processing --validate-assistant-intents --no-app-shortcuts-localization
2026-02-19 13:15:18.607 appintentsmetadataprocessor[31028:298364] Starting appintentsmetadataprocessor export
2026-02-19 13:15:18.740 appintentsmetadataprocessor[31028:298364] Extracted no relevant App Intents symbols, skipping writing output

Ld /Users/nathanielkirchoff/Library/Developer/Xcode/DerivedData/SendToX4-bqjathvbzhnnvwfbqzfrcaqxspzu/Build/Products/Debug/Atomics.o normal (in target 'Atomics' from project 'swift-atomics')
    cd /Users/nathanielkirchoff/Library/Developer/Xcode/DerivedData/SendToX4-bqjathvbzhnnvwfbqzfrcaqxspzu/SourcePackages/checkouts/swift-atomics
    /Applications/Xcode.app/Contents/Developer/Toolchains/XcodeDefault.xctoolchain/usr/bin/clang -Xlinker -reproducible -target arm64-apple-macos10.13 -r -isysroot /Applications/Xcode.app/Contents/Developer/Platforms/MacOSX.platform/Developer/SDKs/MacOSX26.2.sdk -O0 -w -L/Users/nathanielkirchoff/Library/Developer/Xcode/DerivedData/SendToX4-bqjathvbzhnnvwfbqzfrcaqxspzu/Build/Intermediates.noindex/EagerLinkingTBDs/Debug -L/Users/nathanielkirchoff/Library/Developer/Xcode/DerivedData/SendToX4-bqjathvbzhnnvwfbqzfrcaqxspzu/Build/Products/Debug -L/Applications/Xcode.app/Contents/Developer/Platforms/MacOSX.platform/Developer/usr/lib -F/Users/nathanielkirchoff/Library/Developer/Xcode/DerivedData/SendToX4-bqjathvbzhnnvwfbqzfrcaqxspzu/Build/Intermediates.noindex/EagerLinkingTBDs/Debug -F/Users/nathanielkirchoff/Library/Developer/Xcode/DerivedData/SendToX4-bqjathvbzhnnvwfbqzfrcaqxspzu/Build/Products/Debug/PackageFrameworks -F/Users/nathanielkirchoff/Library/Developer/Xcode/DerivedData/SendToX4-bqjathvbzhnnvwfbqzfrcaqxspzu/Build/Products/Debug -iframework /Applications/Xcode.app/Contents/Developer/Platforms/MacOSX.platform/Developer/Library/Frameworks -filelist /Users/nathanielkirchoff/Library/Developer/Xcode/DerivedData/SendToX4-bqjathvbzhnnvwfbqzfrcaqxspzu/Build/Intermediates.noindex/swift-atomics.build/Debug/Atomics.build/Objects-normal/arm64/Atomics.LinkFileList -nostdlib -Xlinker -object_path_lto -Xlinker /Users/nathanielkirchoff/Library/Developer/Xcode/DerivedData/SendToX4-bqjathvbzhnnvwfbqzfrcaqxspzu/Build/Intermediates.noindex/swift-atomics.build/Debug/Atomics.build/Objects-normal/arm64/Atomics_lto.o -rdynamic -Xlinker -no_deduplicate -Xlinker -dependency_info -Xlinker /Users/nathanielkirchoff/Library/Developer/Xcode/DerivedData/SendToX4-bqjathvbzhnnvwfbqzfrcaqxspzu/Build/Intermediates.noindex/swift-atomics.build/Debug/Atomics.build/Objects-normal/arm64/Atomics_dependency_info.dat -fobjc-link-runtime -L/Applications/Xcode.app/Contents/Developer/Toolchains/XcodeDefault.xctoolchain/usr/lib/swift/macosx -L/usr/lib/swift -Xlinker -add_ast_path -Xlinker /Users/nathanielkirchoff/Library/Developer/Xcode/DerivedData/SendToX4-bqjathvbzhnnvwfbqzfrcaqxspzu/Build/Intermediates.noindex/swift-atomics.build/Debug/Atomics.build/Objects-normal/arm64/Atomics.swiftmodule @/Users/nathanielkirchoff/Library/Developer/Xcode/DerivedData/SendToX4-bqjathvbzhnnvwfbqzfrcaqxspzu/Build/Intermediates.noindex/swift-atomics.build/Debug/Atomics.build/Objects-normal/arm64/Atomics-linker-args.resp -o /Users/nathanielkirchoff/Library/Developer/Xcode/DerivedData/SendToX4-bqjathvbzhnnvwfbqzfrcaqxspzu/Build/Products/Debug/Atomics.o

ExtractAppIntentsMetadata (in target 'Atomics' from project 'swift-atomics')
    cd /Users/nathanielkirchoff/Library/Developer/Xcode/DerivedData/SendToX4-bqjathvbzhnnvwfbqzfrcaqxspzu/SourcePackages/checkouts/swift-atomics
    /Applications/Xcode.app/Contents/Developer/Toolchains/XcodeDefault.xctoolchain/usr/bin/appintentsmetadataprocessor --toolchain-dir /Applications/Xcode.app/Contents/Developer/Toolchains/XcodeDefault.xctoolchain --module-name Atomics --sdk-root /Applications/Xcode.app/Contents/Developer/Platforms/MacOSX.platform/Developer/SDKs/MacOSX26.2.sdk --xcode-version 17C52 --platform-family macOS --deployment-target 10.13 --bundle-identifier swift-atomics.Atomics --output /Users/nathanielkirchoff/Library/Developer/Xcode/DerivedData/SendToX4-bqjathvbzhnnvwfbqzfrcaqxspzu/Build/Products/Debug/Atomics.appintents --target-triple arm64-apple-macos10.13 --binary-file /Users/nathanielkirchoff/Library/Developer/Xcode/DerivedData/SendToX4-bqjathvbzhnnvwfbqzfrcaqxspzu/Build/Products/Debug/Atomics.o --dependency-file /Users/nathanielkirchoff/Library/Developer/Xcode/DerivedData/SendToX4-bqjathvbzhnnvwfbqzfrcaqxspzu/Build/Intermediates.noindex/swift-atomics.build/Debug/Atomics.build/Objects-normal/arm64/Atomics_dependency_info.dat --stringsdata-file /Users/nathanielkirchoff/Library/Developer/Xcode/DerivedData/SendToX4-bqjathvbzhnnvwfbqzfrcaqxspzu/Build/Intermediates.noindex/swift-atomics.build/Debug/Atomics.build/Objects-normal/arm64/ExtractedAppShortcutsMetadata.stringsdata --source-file-list /Users/nathanielkirchoff/Library/Developer/Xcode/DerivedData/SendToX4-bqjathvbzhnnvwfbqzfrcaqxspzu/Build/Intermediates.noindex/swift-atomics.build/Debug/Atomics.build/Objects-normal/arm64/Atomics.SwiftFileList --metadata-file-list /Users/nathanielkirchoff/Library/Developer/Xcode/DerivedData/SendToX4-bqjathvbzhnnvwfbqzfrcaqxspzu/Build/Intermediates.noindex/swift-atomics.build/Debug/Atomics.build/Atomics.DependencyMetadataFileList --static-metadata-file-list /Users/nathanielkirchoff/Library/Developer/Xcode/DerivedData/SendToX4-bqjathvbzhnnvwfbqzfrcaqxspzu/Build/Intermediates.noindex/swift-atomics.build/Debug/Atomics.build/Atomics.DependencyStaticMetadataFileList --swift-const-vals-list /Users/nathanielkirchoff/Library/Developer/Xcode/DerivedData/SendToX4-bqjathvbzhnnvwfbqzfrcaqxspzu/Build/Intermediates.noindex/swift-atomics.build/Debug/Atomics.build/Objects-normal/arm64/Atomics.SwiftConstValuesFileList --force --compile-time-extraction --deployment-aware-processing --validate-assistant-intents --no-app-shortcuts-localization
2026-02-19 13:15:18.646 appintentsmetadataprocessor[31032:298390] Starting appintentsmetadataprocessor export
2026-02-19 13:15:18.744 appintentsmetadataprocessor[31032:298390] Extracted no relevant App Intents symbols, skipping writing output

RegisterExecutionPolicyException /Users/nathanielkirchoff/Library/Developer/Xcode/DerivedData/SendToX4-bqjathvbzhnnvwfbqzfrcaqxspzu/Build/Products/Debug/ZIPFoundation.o (in target 'ZIPFoundation' from project 'ZIPFoundation')
    cd /Users/nathanielkirchoff/Library/Developer/Xcode/DerivedData/SendToX4-bqjathvbzhnnvwfbqzfrcaqxspzu/SourcePackages/checkouts/ZIPFoundation
    builtin-RegisterExecutionPolicyException /Users/nathanielkirchoff/Library/Developer/Xcode/DerivedData/SendToX4-bqjathvbzhnnvwfbqzfrcaqxspzu/Build/Products/Debug/ZIPFoundation.o

RegisterExecutionPolicyException /Users/nathanielkirchoff/Library/Developer/Xcode/DerivedData/SendToX4-bqjathvbzhnnvwfbqzfrcaqxspzu/Build/Products/Debug/LRUCache.o (in target 'LRUCache' from project 'LRUCache')
    cd /Users/nathanielkirchoff/Library/Developer/Xcode/DerivedData/SendToX4-bqjathvbzhnnvwfbqzfrcaqxspzu/SourcePackages/checkouts/LRUCache
    builtin-RegisterExecutionPolicyException /Users/nathanielkirchoff/Library/Developer/Xcode/DerivedData/SendToX4-bqjathvbzhnnvwfbqzfrcaqxspzu/Build/Products/Debug/LRUCache.o

RegisterExecutionPolicyException /Users/nathanielkirchoff/Library/Developer/Xcode/DerivedData/SendToX4-bqjathvbzhnnvwfbqzfrcaqxspzu/Build/Products/Debug/AlertToast.o (in target 'AlertToast' from project 'AlertToast')
    cd /Users/nathanielkirchoff/Library/Developer/Xcode/DerivedData/SendToX4-bqjathvbzhnnvwfbqzfrcaqxspzu/SourcePackages/checkouts/AlertToast
    builtin-RegisterExecutionPolicyException /Users/nathanielkirchoff/Library/Developer/Xcode/DerivedData/SendToX4-bqjathvbzhnnvwfbqzfrcaqxspzu/Build/Products/Debug/AlertToast.o

RegisterExecutionPolicyException /Users/nathanielkirchoff/Library/Developer/Xcode/DerivedData/SendToX4-bqjathvbzhnnvwfbqzfrcaqxspzu/Build/Products/Debug/Atomics.o (in target 'Atomics' from project 'swift-atomics')
    cd /Users/nathanielkirchoff/Library/Developer/Xcode/DerivedData/SendToX4-bqjathvbzhnnvwfbqzfrcaqxspzu/SourcePackages/checkouts/swift-atomics
    builtin-RegisterExecutionPolicyException /Users/nathanielkirchoff/Library/Developer/Xcode/DerivedData/SendToX4-bqjathvbzhnnvwfbqzfrcaqxspzu/Build/Products/Debug/Atomics.o

Ld /Users/nathanielkirchoff/Library/Developer/Xcode/DerivedData/SendToX4-bqjathvbzhnnvwfbqzfrcaqxspzu/Build/Products/Debug/SwiftSoup.o normal (in target 'SwiftSoup' from project 'SwiftSoup')
    cd /Users/nathanielkirchoff/Library/Developer/Xcode/DerivedData/SendToX4-bqjathvbzhnnvwfbqzfrcaqxspzu/SourcePackages/checkouts/SwiftSoup
    /Applications/Xcode.app/Contents/Developer/Toolchains/XcodeDefault.xctoolchain/usr/bin/clang -Xlinker -reproducible -target arm64-apple-macos10.15 -r -isysroot /Applications/Xcode.app/Contents/Developer/Platforms/MacOSX.platform/Developer/SDKs/MacOSX26.2.sdk -O0 -w -L/Users/nathanielkirchoff/Library/Developer/Xcode/DerivedData/SendToX4-bqjathvbzhnnvwfbqzfrcaqxspzu/Build/Intermediates.noindex/EagerLinkingTBDs/Debug -L/Users/nathanielkirchoff/Library/Developer/Xcode/DerivedData/SendToX4-bqjathvbzhnnvwfbqzfrcaqxspzu/Build/Products/Debug -L/Applications/Xcode.app/Contents/Developer/Platforms/MacOSX.platform/Developer/usr/lib -F/Users/nathanielkirchoff/Library/Developer/Xcode/DerivedData/SendToX4-bqjathvbzhnnvwfbqzfrcaqxspzu/Build/Intermediates.noindex/EagerLinkingTBDs/Debug -F/Users/nathanielkirchoff/Library/Developer/Xcode/DerivedData/SendToX4-bqjathvbzhnnvwfbqzfrcaqxspzu/Build/Products/Debug/PackageFrameworks -F/Users/nathanielkirchoff/Library/Developer/Xcode/DerivedData/SendToX4-bqjathvbzhnnvwfbqzfrcaqxspzu/Build/Products/Debug/PackageFrameworks -F/Users/nathanielkirchoff/Library/Developer/Xcode/DerivedData/SendToX4-bqjathvbzhnnvwfbqzfrcaqxspzu/Build/Products/Debug/PackageFrameworks -F/Users/nathanielkirchoff/Library/Developer/Xcode/DerivedData/SendToX4-bqjathvbzhnnvwfbqzfrcaqxspzu/Build/Products/Debug -iframework /Applications/Xcode.app/Contents/Developer/Platforms/MacOSX.platform/Developer/Library/Frameworks -filelist /Users/nathanielkirchoff/Library/Developer/Xcode/DerivedData/SendToX4-bqjathvbzhnnvwfbqzfrcaqxspzu/Build/Intermediates.noindex/SwiftSoup.build/Debug/SwiftSoup.build/Objects-normal/arm64/SwiftSoup.LinkFileList -nostdlib -Xlinker -object_path_lto -Xlinker /Users/nathanielkirchoff/Library/Developer/Xcode/DerivedData/SendToX4-bqjathvbzhnnvwfbqzfrcaqxspzu/Build/Intermediates.noindex/SwiftSoup.build/Debug/SwiftSoup.build/Objects-normal/arm64/SwiftSoup_lto.o -rdynamic -Xlinker -no_deduplicate -Xlinker -dependency_info -Xlinker /Users/nathanielkirchoff/Library/Developer/Xcode/DerivedData/SendToX4-bqjathvbzhnnvwfbqzfrcaqxspzu/Build/Intermediates.noindex/SwiftSoup.build/Debug/SwiftSoup.build/Objects-normal/arm64/SwiftSoup_dependency_info.dat -fobjc-link-runtime -L/Applications/Xcode.app/Contents/Developer/Toolchains/XcodeDefault.xctoolchain/usr/lib/swift/macosx -L/usr/lib/swift -Xlinker -add_ast_path -Xlinker /Users/nathanielkirchoff/Library/Developer/Xcode/DerivedData/SendToX4-bqjathvbzhnnvwfbqzfrcaqxspzu/Build/Intermediates.noindex/SwiftSoup.build/Debug/SwiftSoup.build/Objects-normal/arm64/SwiftSoup.swiftmodule @/Users/nathanielkirchoff/Library/Developer/Xcode/DerivedData/SendToX4-bqjathvbzhnnvwfbqzfrcaqxspzu/Build/Intermediates.noindex/SwiftSoup.build/Debug/SwiftSoup.build/Objects-normal/arm64/SwiftSoup-linker-args.resp -o /Users/nathanielkirchoff/Library/Developer/Xcode/DerivedData/SendToX4-bqjathvbzhnnvwfbqzfrcaqxspzu/Build/Products/Debug/SwiftSoup.o

ExtractAppIntentsMetadata (in target 'SwiftSoup' from project 'SwiftSoup')
    cd /Users/nathanielkirchoff/Library/Developer/Xcode/DerivedData/SendToX4-bqjathvbzhnnvwfbqzfrcaqxspzu/SourcePackages/checkouts/SwiftSoup
    /Applications/Xcode.app/Contents/Developer/Toolchains/XcodeDefault.xctoolchain/usr/bin/appintentsmetadataprocessor --toolchain-dir /Applications/Xcode.app/Contents/Developer/Toolchains/XcodeDefault.xctoolchain --module-name SwiftSoup --sdk-root /Applications/Xcode.app/Contents/Developer/Platforms/MacOSX.platform/Developer/SDKs/MacOSX26.2.sdk --xcode-version 17C52 --platform-family macOS --deployment-target 10.15 --bundle-identifier swiftsoup.SwiftSoup --output /Users/nathanielkirchoff/Library/Developer/Xcode/DerivedData/SendToX4-bqjathvbzhnnvwfbqzfrcaqxspzu/Build/Products/Debug/SwiftSoup.appintents --target-triple arm64-apple-macos10.15 --binary-file /Users/nathanielkirchoff/Library/Developer/Xcode/DerivedData/SendToX4-bqjathvbzhnnvwfbqzfrcaqxspzu/Build/Products/Debug/SwiftSoup.o --dependency-file /Users/nathanielkirchoff/Library/Developer/Xcode/DerivedData/SendToX4-bqjathvbzhnnvwfbqzfrcaqxspzu/Build/Intermediates.noindex/SwiftSoup.build/Debug/SwiftSoup.build/Objects-normal/arm64/SwiftSoup_dependency_info.dat --stringsdata-file /Users/nathanielkirchoff/Library/Developer/Xcode/DerivedData/SendToX4-bqjathvbzhnnvwfbqzfrcaqxspzu/Build/Intermediates.noindex/SwiftSoup.build/Debug/SwiftSoup.build/Objects-normal/arm64/ExtractedAppShortcutsMetadata.stringsdata --source-file-list /Users/nathanielkirchoff/Library/Developer/Xcode/DerivedData/SendToX4-bqjathvbzhnnvwfbqzfrcaqxspzu/Build/Intermediates.noindex/SwiftSoup.build/Debug/SwiftSoup.build/Objects-normal/arm64/SwiftSoup.SwiftFileList --metadata-file-list /Users/nathanielkirchoff/Library/Developer/Xcode/DerivedData/SendToX4-bqjathvbzhnnvwfbqzfrcaqxspzu/Build/Intermediates.noindex/SwiftSoup.build/Debug/SwiftSoup.build/SwiftSoup.DependencyMetadataFileList --static-metadata-file-list /Users/nathanielkirchoff/Library/Developer/Xcode/DerivedData/SendToX4-bqjathvbzhnnvwfbqzfrcaqxspzu/Build/Intermediates.noindex/SwiftSoup.build/Debug/SwiftSoup.build/SwiftSoup.DependencyStaticMetadataFileList --swift-const-vals-list /Users/nathanielkirchoff/Library/Developer/Xcode/DerivedData/SendToX4-bqjathvbzhnnvwfbqzfrcaqxspzu/Build/Intermediates.noindex/SwiftSoup.build/Debug/SwiftSoup.build/Objects-normal/arm64/SwiftSoup.SwiftConstValuesFileList --force --compile-time-extraction --deployment-aware-processing --validate-assistant-intents --no-app-shortcuts-localization
2026-02-19 13:15:18.847 appintentsmetadataprocessor[31036:298412] Starting appintentsmetadataprocessor export
2026-02-19 13:15:18.957 appintentsmetadataprocessor[31036:298412] Extracted no relevant App Intents symbols, skipping writing output

RegisterExecutionPolicyException /Users/nathanielkirchoff/Library/Developer/Xcode/DerivedData/SendToX4-bqjathvbzhnnvwfbqzfrcaqxspzu/Build/Products/Debug/SwiftSoup.o (in target 'SwiftSoup' from project 'SwiftSoup')
    cd /Users/nathanielkirchoff/Library/Developer/Xcode/DerivedData/SendToX4-bqjathvbzhnnvwfbqzfrcaqxspzu/SourcePackages/checkouts/SwiftSoup
    builtin-RegisterExecutionPolicyException /Users/nathanielkirchoff/Library/Developer/Xcode/DerivedData/SendToX4-bqjathvbzhnnvwfbqzfrcaqxspzu/Build/Products/Debug/SwiftSoup.o

Ld /Users/nathanielkirchoff/Library/Developer/Xcode/DerivedData/SendToX4-bqjathvbzhnnvwfbqzfrcaqxspzu/Build/Products/Debug/SendToX4.app/Contents/MacOS/__preview.dylib normal (in target 'SendToX4' from project 'SendToX4')
    cd /Users/nathanielkirchoff/crossxapp/CrossX-X3
    /Applications/Xcode.app/Contents/Developer/Toolchains/XcodeDefault.xctoolchain/usr/bin/clang -Xlinker -reproducible -target arm64-apple-macos26.2 -dynamiclib -isysroot /Applications/Xcode.app/Contents/Developer/Platforms/MacOSX.platform/Developer/SDKs/MacOSX26.2.sdk -O0 -L/Users/nathanielkirchoff/Library/Developer/Xcode/DerivedData/SendToX4-bqjathvbzhnnvwfbqzfrcaqxspzu/Build/Products/Debug -F/Users/nathanielkirchoff/Library/Developer/Xcode/DerivedData/SendToX4-bqjathvbzhnnvwfbqzfrcaqxspzu/Build/Products/Debug/PackageFrameworks -F/Users/nathanielkirchoff/Library/Developer/Xcode/DerivedData/SendToX4-bqjathvbzhnnvwfbqzfrcaqxspzu/Build/Products/Debug/PackageFrameworks -F/Users/nathanielkirchoff/Library/Developer/Xcode/DerivedData/SendToX4-bqjathvbzhnnvwfbqzfrcaqxspzu/Build/Products/Debug/PackageFrameworks -F/Users/nathanielkirchoff/Library/Developer/Xcode/DerivedData/SendToX4-bqjathvbzhnnvwfbqzfrcaqxspzu/Build/Products/Debug/PackageFrameworks -F/Users/nathanielkirchoff/Library/Developer/Xcode/DerivedData/SendToX4-bqjathvbzhnnvwfbqzfrcaqxspzu/Build/Products/Debug/PackageFrameworks -F/Users/nathanielkirchoff/Library/Developer/Xcode/DerivedData/SendToX4-bqjathvbzhnnvwfbqzfrcaqxspzu/Build/Products/Debug/PackageFrameworks -F/Users/nathanielkirchoff/Library/Developer/Xcode/DerivedData/SendToX4-bqjathvbzhnnvwfbqzfrcaqxspzu/Build/Products/Debug -install_name @rpath/SendToX4.debug.dylib -rdynamic -Xlinker -no_deduplicate -Xlinker -dependency_info -Xlinker /Users/nathanielkirchoff/Library/Developer/Xcode/DerivedData/SendToX4-bqjathvbzhnnvwfbqzfrcaqxspzu/Build/Intermediates.noindex/SendToX4.build/Debug/SendToX4.build/Objects-normal/arm64/SendToX4_dependency_info.dat -Xlinker -no_adhoc_codesign -o /Users/nathanielkirchoff/Library/Developer/Xcode/DerivedData/SendToX4-bqjathvbzhnnvwfbqzfrcaqxspzu/Build/Products/Debug/SendToX4.app/Contents/MacOS/__preview.dylib

Copy /Users/nathanielkirchoff/Library/Developer/Xcode/DerivedData/SendToX4-bqjathvbzhnnvwfbqzfrcaqxspzu/Build/Products/Debug/SendToX4.app/Contents/Resources/ZIPFoundation_ZIPFoundation.bundle /Users/nathanielkirchoff/Library/Developer/Xcode/DerivedData/SendToX4-bqjathvbzhnnvwfbqzfrcaqxspzu/Build/Products/Debug/ZIPFoundation_ZIPFoundation.bundle (in target 'SendToX4' from project 'SendToX4')
    cd /Users/nathanielkirchoff/crossxapp/CrossX-X3
    builtin-copy -exclude .DS_Store -exclude CVS -exclude .svn -exclude .git -exclude .hg -resolve-src-symlinks /Users/nathanielkirchoff/Library/Developer/Xcode/DerivedData/SendToX4-bqjathvbzhnnvwfbqzfrcaqxspzu/Build/Products/Debug/ZIPFoundation_ZIPFoundation.bundle /Users/nathanielkirchoff/Library/Developer/Xcode/DerivedData/SendToX4-bqjathvbzhnnvwfbqzfrcaqxspzu/Build/Products/Debug/SendToX4.app/Contents/Resources

Ld /Users/nathanielkirchoff/Library/Developer/Xcode/DerivedData/SendToX4-bqjathvbzhnnvwfbqzfrcaqxspzu/Build/Products/Debug/SendToX4.app/Contents/MacOS/SendToX4.debug.dylib normal (in target 'SendToX4' from project 'SendToX4')
    cd /Users/nathanielkirchoff/crossxapp/CrossX-X3
    /Applications/Xcode.app/Contents/Developer/Toolchains/XcodeDefault.xctoolchain/usr/bin/clang -Xlinker -reproducible -target arm64-apple-macos26.2 -dynamiclib -isysroot /Applications/Xcode.app/Contents/Developer/Platforms/MacOSX.platform/Developer/SDKs/MacOSX26.2.sdk -O0 -L/Users/nathanielkirchoff/Library/Developer/Xcode/DerivedData/SendToX4-bqjathvbzhnnvwfbqzfrcaqxspzu/Build/Intermediates.noindex/EagerLinkingTBDs/Debug -L/Users/nathanielkirchoff/Library/Developer/Xcode/DerivedData/SendToX4-bqjathvbzhnnvwfbqzfrcaqxspzu/Build/Products/Debug -F/Users/nathanielkirchoff/Library/Developer/Xcode/DerivedData/SendToX4-bqjathvbzhnnvwfbqzfrcaqxspzu/Build/Intermediates.noindex/EagerLinkingTBDs/Debug -F/Users/nathanielkirchoff/Library/Developer/Xcode/DerivedData/SendToX4-bqjathvbzhnnvwfbqzfrcaqxspzu/Build/Products/Debug/PackageFrameworks -F/Users/nathanielkirchoff/Library/Developer/Xcode/DerivedData/SendToX4-bqjathvbzhnnvwfbqzfrcaqxspzu/Build/Products/Debug/PackageFrameworks -F/Users/nathanielkirchoff/Library/Developer/Xcode/DerivedData/SendToX4-bqjathvbzhnnvwfbqzfrcaqxspzu/Build/Products/Debug/PackageFrameworks -F/Users/nathanielkirchoff/Library/Developer/Xcode/DerivedData/SendToX4-bqjathvbzhnnvwfbqzfrcaqxspzu/Build/Products/Debug/PackageFrameworks -F/Users/nathanielkirchoff/Library/Developer/Xcode/DerivedData/SendToX4-bqjathvbzhnnvwfbqzfrcaqxspzu/Build/Products/Debug/PackageFrameworks -F/Users/nathanielkirchoff/Library/Developer/Xcode/DerivedData/SendToX4-bqjathvbzhnnvwfbqzfrcaqxspzu/Build/Products/Debug/PackageFrameworks -F/Users/nathanielkirchoff/Library/Developer/Xcode/DerivedData/SendToX4-bqjathvbzhnnvwfbqzfrcaqxspzu/Build/Products/Debug -filelist /Users/nathanielkirchoff/Library/Developer/Xcode/DerivedData/SendToX4-bqjathvbzhnnvwfbqzfrcaqxspzu/Build/Intermediates.noindex/SendToX4.build/Debug/SendToX4.build/Objects-normal/arm64/SendToX4.LinkFileList -install_name @rpath/SendToX4.debug.dylib -Xlinker -rpath -Xlinker /Users/nathanielkirchoff/Library/Developer/Xcode/DerivedData/SendToX4-bqjathvbzhnnvwfbqzfrcaqxspzu/Build/Products/Debug/PackageFrameworks -Xlinker -rpath -Xlinker @executable_path/../Frameworks -Xlinker -object_path_lto -Xlinker /Users/nathanielkirchoff/Library/Developer/Xcode/DerivedData/SendToX4-bqjathvbzhnnvwfbqzfrcaqxspzu/Build/Intermediates.noindex/SendToX4.build/Debug/SendToX4.build/Objects-normal/arm64/SendToX4_lto.o -rdynamic -Xlinker -no_deduplicate -Xlinker -dependency_info -Xlinker /Users/nathanielkirchoff/Library/Developer/Xcode/DerivedData/SendToX4-bqjathvbzhnnvwfbqzfrcaqxspzu/Build/Intermediates.noindex/SendToX4.build/Debug/SendToX4.build/Objects-normal/arm64/SendToX4_dependency_info.dat -fobjc-link-runtime -L/Applications/Xcode.app/Contents/Developer/Toolchains/XcodeDefault.xctoolchain/usr/lib/swift/macosx -L/usr/lib/swift -Xlinker -add_ast_path -Xlinker /Users/nathanielkirchoff/Library/Developer/Xcode/DerivedData/SendToX4-bqjathvbzhnnvwfbqzfrcaqxspzu/Build/Intermediates.noindex/SendToX4.build/Debug/SendToX4.build/Objects-normal/arm64/SendToX4.swiftmodule @/Users/nathanielkirchoff/Library/Developer/Xcode/DerivedData/SendToX4-bqjathvbzhnnvwfbqzfrcaqxspzu/Build/Intermediates.noindex/SendToX4.build/Debug/SendToX4.build/Objects-normal/arm64/SendToX4-linker-args.resp -Wl,-no_warn_duplicate_libraries -Wl,-no_warn_duplicate_libraries -Wl,-no_warn_duplicate_libraries -Wl,-no_warn_duplicate_libraries -Wl,-no_warn_duplicate_libraries -Wl,-no_warn_duplicate_libraries -Xlinker -alias -Xlinker _main -Xlinker ___debug_main_executable_dylib_entry_point -Xlinker -no_adhoc_codesign -o /Users/nathanielkirchoff/Library/Developer/Xcode/DerivedData/SendToX4-bqjathvbzhnnvwfbqzfrcaqxspzu/Build/Products/Debug/SendToX4.app/Contents/MacOS/SendToX4.debug.dylib -Xlinker -add_ast_path -Xlinker /Users/nathanielkirchoff/Library/Developer/Xcode/DerivedData/SendToX4-bqjathvbzhnnvwfbqzfrcaqxspzu/Build/Intermediates.noindex/AlertToast.build/Debug/AlertToast.build/Objects-normal/arm64/AlertToast.swiftmodule @/Users/nathanielkirchoff/Library/Developer/Xcode/DerivedData/SendToX4-bqjathvbzhnnvwfbqzfrcaqxspzu/Build/Intermediates.noindex/AlertToast.build/Debug/AlertToast.build/Objects-normal/arm64/AlertToast-linker-args.resp -Xlinker -add_ast_path -Xlinker /Users/nathanielkirchoff/Library/Developer/Xcode/DerivedData/SendToX4-bqjathvbzhnnvwfbqzfrcaqxspzu/Build/Intermediates.noindex/ZIPFoundation.build/Debug/ZIPFoundation.build/Objects-normal/arm64/ZIPFoundation.swiftmodule @/Users/nathanielkirchoff/Library/Developer/Xcode/DerivedData/SendToX4-bqjathvbzhnnvwfbqzfrcaqxspzu/Build/Intermediates.noindex/ZIPFoundation.build/Debug/ZIPFoundation.build/Objects-normal/arm64/ZIPFoundation-linker-args.resp -Xlinker -add_ast_path -Xlinker /Users/nathanielkirchoff/Library/Developer/Xcode/DerivedData/SendToX4-bqjathvbzhnnvwfbqzfrcaqxspzu/Build/Intermediates.noindex/SwiftSoup.build/Debug/SwiftSoup.build/Objects-normal/arm64/SwiftSoup.swiftmodule @/Users/nathanielkirchoff/Library/Developer/Xcode/DerivedData/SendToX4-bqjathvbzhnnvwfbqzfrcaqxspzu/Build/Intermediates.noindex/SwiftSoup.build/Debug/SwiftSoup.build/Objects-normal/arm64/SwiftSoup-linker-args.resp -Xlinker -add_ast_path -Xlinker /Users/nathanielkirchoff/Library/Developer/Xcode/DerivedData/SendToX4-bqjathvbzhnnvwfbqzfrcaqxspzu/Build/Intermediates.noindex/LRUCache.build/Debug/LRUCache.build/Objects-normal/arm64/LRUCache.swiftmodule @/Users/nathanielkirchoff/Library/Developer/Xcode/DerivedData/SendToX4-bqjathvbzhnnvwfbqzfrcaqxspzu/Build/Intermediates.noindex/LRUCache.build/Debug/LRUCache.build/Objects-normal/arm64/LRUCache-linker-args.resp -Xlinker -add_ast_path -Xlinker /Users/nathanielkirchoff/Library/Developer/Xcode/DerivedData/SendToX4-bqjathvbzhnnvwfbqzfrcaqxspzu/Build/Intermediates.noindex/swift-atomics.build/Debug/Atomics.build/Objects-normal/arm64/Atomics.swiftmodule @/Users/nathanielkirchoff/Library/Developer/Xcode/DerivedData/SendToX4-bqjathvbzhnnvwfbqzfrcaqxspzu/Build/Intermediates.noindex/swift-atomics.build/Debug/Atomics.build/Objects-normal/arm64/Atomics-linker-args.resp

ProcessInfoPlistFile /Users/nathanielkirchoff/Library/Developer/Xcode/DerivedData/SendToX4-bqjathvbzhnnvwfbqzfrcaqxspzu/Build/Products/Debug/SendToX4.app/Contents/Info.plist /Users/nathanielkirchoff/crossxapp/CrossX-X3/Info.plist (in target 'SendToX4' from project 'SendToX4')
    cd /Users/nathanielkirchoff/crossxapp/CrossX-X3
    builtin-infoPlistUtility /Users/nathanielkirchoff/crossxapp/CrossX-X3/Info.plist -producttype com.apple.product-type.application -genpkginfo /Users/nathanielkirchoff/Library/Developer/Xcode/DerivedData/SendToX4-bqjathvbzhnnvwfbqzfrcaqxspzu/Build/Products/Debug/SendToX4.app/Contents/PkgInfo -expandbuildsettings -platform macosx -additionalcontentfile /Users/nathanielkirchoff/Library/Developer/Xcode/DerivedData/SendToX4-bqjathvbzhnnvwfbqzfrcaqxspzu/Build/Intermediates.noindex/SendToX4.build/Debug/SendToX4.build/assetcatalog_generated_info.plist -scanforprivacyfile /Users/nathanielkirchoff/Library/Developer/Xcode/DerivedData/SendToX4-bqjathvbzhnnvwfbqzfrcaqxspzu/Build/Products/Debug/SendToX4.app/Contents/Resources/ZIPFoundation_ZIPFoundation.bundle -o /Users/nathanielkirchoff/Library/Developer/Xcode/DerivedData/SendToX4-bqjathvbzhnnvwfbqzfrcaqxspzu/Build/Products/Debug/SendToX4.app/Contents/Info.plist

ConstructStubExecutorLinkFileList /Users/nathanielkirchoff/Library/Developer/Xcode/DerivedData/SendToX4-bqjathvbzhnnvwfbqzfrcaqxspzu/Build/Intermediates.noindex/SendToX4.build/Debug/SendToX4.build/SendToX4-ExecutorLinkFileList-normal-arm64.txt (in target 'SendToX4' from project 'SendToX4')
    cd /Users/nathanielkirchoff/crossxapp/CrossX-X3
    construct-stub-executor-link-file-list /Users/nathanielkirchoff/Library/Developer/Xcode/DerivedData/SendToX4-bqjathvbzhnnvwfbqzfrcaqxspzu/Build/Products/Debug/SendToX4.app/Contents/MacOS/SendToX4.debug.dylib /Applications/Xcode.app/Contents/Developer/Platforms/MacOSX.platform/Developer/usr/lib/libPreviewsJITStubExecutor_no_swift_entry_point.a /Applications/Xcode.app/Contents/Developer/Platforms/MacOSX.platform/Developer/usr/lib/libPreviewsJITStubExecutor.a --output /Users/nathanielkirchoff/Library/Developer/Xcode/DerivedData/SendToX4-bqjathvbzhnnvwfbqzfrcaqxspzu/Build/Intermediates.noindex/SendToX4.build/Debug/SendToX4.build/SendToX4-ExecutorLinkFileList-normal-arm64.txt
note: Using stub executor library with Swift entry point. (in target 'SendToX4' from project 'SendToX4')

Ld /Users/nathanielkirchoff/Library/Developer/Xcode/DerivedData/SendToX4-bqjathvbzhnnvwfbqzfrcaqxspzu/Build/Products/Debug/SendToX4.app/Contents/MacOS/SendToX4 normal (in target 'SendToX4' from project 'SendToX4')
    cd /Users/nathanielkirchoff/crossxapp/CrossX-X3
    /Applications/Xcode.app/Contents/Developer/Toolchains/XcodeDefault.xctoolchain/usr/bin/clang -Xlinker -reproducible -target arm64-apple-macos26.2 -isysroot /Applications/Xcode.app/Contents/Developer/Platforms/MacOSX.platform/Developer/SDKs/MacOSX26.2.sdk -O0 -L/Users/nathanielkirchoff/Library/Developer/Xcode/DerivedData/SendToX4-bqjathvbzhnnvwfbqzfrcaqxspzu/Build/Products/Debug -F/Users/nathanielkirchoff/Library/Developer/Xcode/DerivedData/SendToX4-bqjathvbzhnnvwfbqzfrcaqxspzu/Build/Products/Debug/PackageFrameworks -F/Users/nathanielkirchoff/Library/Developer/Xcode/DerivedData/SendToX4-bqjathvbzhnnvwfbqzfrcaqxspzu/Build/Products/Debug/PackageFrameworks -F/Users/nathanielkirchoff/Library/Developer/Xcode/DerivedData/SendToX4-bqjathvbzhnnvwfbqzfrcaqxspzu/Build/Products/Debug/PackageFrameworks -F/Users/nathanielkirchoff/Library/Developer/Xcode/DerivedData/SendToX4-bqjathvbzhnnvwfbqzfrcaqxspzu/Build/Products/Debug/PackageFrameworks -F/Users/nathanielkirchoff/Library/Developer/Xcode/DerivedData/SendToX4-bqjathvbzhnnvwfbqzfrcaqxspzu/Build/Products/Debug/PackageFrameworks -F/Users/nathanielkirchoff/Library/Developer/Xcode/DerivedData/SendToX4-bqjathvbzhnnvwfbqzfrcaqxspzu/Build/Products/Debug/PackageFrameworks -F/Users/nathanielkirchoff/Library/Developer/Xcode/DerivedData/SendToX4-bqjathvbzhnnvwfbqzfrcaqxspzu/Build/Products/Debug -Xlinker -rpath -Xlinker @executable_path -Xlinker -rpath -Xlinker /Users/nathanielkirchoff/Library/Developer/Xcode/DerivedData/SendToX4-bqjathvbzhnnvwfbqzfrcaqxspzu/Build/Products/Debug/PackageFrameworks -Xlinker -rpath -Xlinker @executable_path/../Frameworks -rdynamic -Xlinker -no_deduplicate -e ___debug_blank_executor_main -Xlinker -sectcreate -Xlinker __TEXT -Xlinker __debug_dylib -Xlinker /Users/nathanielkirchoff/Library/Developer/Xcode/DerivedData/SendToX4-bqjathvbzhnnvwfbqzfrcaqxspzu/Build/Intermediates.noindex/SendToX4.build/Debug/SendToX4.build/SendToX4-DebugDylibPath-normal-arm64.txt -Xlinker -sectcreate -Xlinker __TEXT -Xlinker __debug_instlnm -Xlinker /Users/nathanielkirchoff/Library/Developer/Xcode/DerivedData/SendToX4-bqjathvbzhnnvwfbqzfrcaqxspzu/Build/Intermediates.noindex/SendToX4.build/Debug/SendToX4.build/SendToX4-DebugDylibInstallName-normal-arm64.txt -Xlinker -filelist -Xlinker /Users/nathanielkirchoff/Library/Developer/Xcode/DerivedData/SendToX4-bqjathvbzhnnvwfbqzfrcaqxspzu/Build/Intermediates.noindex/SendToX4.build/Debug/SendToX4.build/SendToX4-ExecutorLinkFileList-normal-arm64.txt /Users/nathanielkirchoff/Library/Developer/Xcode/DerivedData/SendToX4-bqjathvbzhnnvwfbqzfrcaqxspzu/Build/Products/Debug/SendToX4.app/Contents/MacOS/SendToX4.debug.dylib -Xlinker -no_adhoc_codesign -o /Users/nathanielkirchoff/Library/Developer/Xcode/DerivedData/SendToX4-bqjathvbzhnnvwfbqzfrcaqxspzu/Build/Products/Debug/SendToX4.app/Contents/MacOS/SendToX4

CopySwiftLibs /Users/nathanielkirchoff/Library/Developer/Xcode/DerivedData/SendToX4-bqjathvbzhnnvwfbqzfrcaqxspzu/Build/Products/Debug/SendToX4.app (in target 'SendToX4' from project 'SendToX4')
    cd /Users/nathanielkirchoff/crossxapp/CrossX-X3
    builtin-swiftStdLibTool --copy --verbose --sign 54E1A12F56E4B0001FB931B24DFB134331FDF357 --scan-executable /Users/nathanielkirchoff/Library/Developer/Xcode/DerivedData/SendToX4-bqjathvbzhnnvwfbqzfrcaqxspzu/Build/Products/Debug/SendToX4.app/Contents/MacOS/SendToX4.debug.dylib --scan-folder /Users/nathanielkirchoff/Library/Developer/Xcode/DerivedData/SendToX4-bqjathvbzhnnvwfbqzfrcaqxspzu/Build/Products/Debug/SendToX4.app/Contents/Frameworks --scan-folder /Users/nathanielkirchoff/Library/Developer/Xcode/DerivedData/SendToX4-bqjathvbzhnnvwfbqzfrcaqxspzu/Build/Products/Debug/SendToX4.app/Contents/PlugIns --scan-folder /Users/nathanielkirchoff/Library/Developer/Xcode/DerivedData/SendToX4-bqjathvbzhnnvwfbqzfrcaqxspzu/Build/Products/Debug/SendToX4.app/Contents/Library/SystemExtensions --scan-folder /Users/nathanielkirchoff/Library/Developer/Xcode/DerivedData/SendToX4-bqjathvbzhnnvwfbqzfrcaqxspzu/Build/Products/Debug/SendToX4.app/Contents/Extensions --platform macosx --toolchain /Applications/Xcode.app/Contents/Developer/Toolchains/XcodeDefault.xctoolchain --destination /Users/nathanielkirchoff/Library/Developer/Xcode/DerivedData/SendToX4-bqjathvbzhnnvwfbqzfrcaqxspzu/Build/Products/Debug/SendToX4.app/Contents/Frameworks --strip-bitcode --strip-bitcode-tool /Applications/Xcode.app/Contents/Developer/Toolchains/XcodeDefault.xctoolchain/usr/bin/bitcode_strip --emit-dependency-info /Users/nathanielkirchoff/Library/Developer/Xcode/DerivedData/SendToX4-bqjathvbzhnnvwfbqzfrcaqxspzu/Build/Intermediates.noindex/SendToX4.build/Debug/SendToX4.build/SwiftStdLibToolInputDependencies.dep --filter-for-swift-os

ExtractAppIntentsMetadata (in target 'SendToX4' from project 'SendToX4')
    cd /Users/nathanielkirchoff/crossxapp/CrossX-X3
    /Applications/Xcode.app/Contents/Developer/Toolchains/XcodeDefault.xctoolchain/usr/bin/appintentsmetadataprocessor --toolchain-dir /Applications/Xcode.app/Contents/Developer/Toolchains/XcodeDefault.xctoolchain --module-name SendToX4 --sdk-root /Applications/Xcode.app/Contents/Developer/Platforms/MacOSX.platform/Developer/SDKs/MacOSX26.2.sdk --xcode-version 17C52 --platform-family macOS --deployment-target 26.2 --bundle-identifier com.crossappjtv.point.ls --output /Users/nathanielkirchoff/Library/Developer/Xcode/DerivedData/SendToX4-bqjathvbzhnnvwfbqzfrcaqxspzu/Build/Products/Debug/SendToX4.app/Contents/Resources --target-triple arm64-apple-macos26.2 --binary-file /Users/nathanielkirchoff/Library/Developer/Xcode/DerivedData/SendToX4-bqjathvbzhnnvwfbqzfrcaqxspzu/Build/Products/Debug/SendToX4.app/Contents/MacOS/SendToX4 --dependency-file /Users/nathanielkirchoff/Library/Developer/Xcode/DerivedData/SendToX4-bqjathvbzhnnvwfbqzfrcaqxspzu/Build/Intermediates.noindex/SendToX4.build/Debug/SendToX4.build/Objects-normal/arm64/SendToX4_dependency_info.dat --stringsdata-file /Users/nathanielkirchoff/Library/Developer/Xcode/DerivedData/SendToX4-bqjathvbzhnnvwfbqzfrcaqxspzu/Build/Intermediates.noindex/SendToX4.build/Debug/SendToX4.build/Objects-normal/arm64/ExtractedAppShortcutsMetadata.stringsdata --source-file-list /Users/nathanielkirchoff/Library/Developer/Xcode/DerivedData/SendToX4-bqjathvbzhnnvwfbqzfrcaqxspzu/Build/Intermediates.noindex/SendToX4.build/Debug/SendToX4.build/Objects-normal/arm64/SendToX4.SwiftFileList --metadata-file-list /Users/nathanielkirchoff/Library/Developer/Xcode/DerivedData/SendToX4-bqjathvbzhnnvwfbqzfrcaqxspzu/Build/Intermediates.noindex/SendToX4.build/Debug/SendToX4.build/SendToX4.DependencyMetadataFileList --static-metadata-file-list /Users/nathanielkirchoff/Library/Developer/Xcode/DerivedData/SendToX4-bqjathvbzhnnvwfbqzfrcaqxspzu/Build/Intermediates.noindex/SendToX4.build/Debug/SendToX4.build/SendToX4.DependencyStaticMetadataFileList --swift-const-vals-list /Users/nathanielkirchoff/Library/Developer/Xcode/DerivedData/SendToX4-bqjathvbzhnnvwfbqzfrcaqxspzu/Build/Intermediates.noindex/SendToX4.build/Debug/SendToX4.build/Objects-normal/arm64/SendToX4.SwiftConstValuesFileList --compile-time-extraction --deployment-aware-processing --validate-assistant-intents --no-app-shortcuts-localization
2026-02-19 13:15:19.937 appintentsmetadataprocessor[31052:298522] Starting appintentsmetadataprocessor export
2026-02-19 13:15:20.064 appintentsmetadataprocessor[31052:298522] Writing Metadata.appintents
2026-02-19 13:15:20.064 appintentsmetadataprocessor[31052:298522] Metadata root: /Users/nathanielkirchoff/Library/Developer/Xcode/DerivedData/SendToX4-bqjathvbzhnnvwfbqzfrcaqxspzu/Build/Products/Debug/SendToX4.app/Contents/Resources/Metadata.appintents

CodeSign /Users/nathanielkirchoff/Library/Developer/Xcode/DerivedData/SendToX4-bqjathvbzhnnvwfbqzfrcaqxspzu/Build/Products/Debug/SendToX4.app/Contents/MacOS/SendToX4.debug.dylib (in target 'SendToX4' from project 'SendToX4')
    cd /Users/nathanielkirchoff/crossxapp/CrossX-X3
    
    Signing Identity:     "Apple Development: nathanielakirchoff@gmail.com (XU8WT4K96S)"
    
    /usr/bin/codesign --force --sign 54E1A12F56E4B0001FB931B24DFB134331FDF357 -o runtime --timestamp\=none --generate-entitlement-der /Users/nathanielkirchoff/Library/Developer/Xcode/DerivedData/SendToX4-bqjathvbzhnnvwfbqzfrcaqxspzu/Build/Products/Debug/SendToX4.app/Contents/MacOS/SendToX4.debug.dylib

CodeSign /Users/nathanielkirchoff/Library/Developer/Xcode/DerivedData/SendToX4-bqjathvbzhnnvwfbqzfrcaqxspzu/Build/Products/Debug/SendToX4.app/Contents/MacOS/__preview.dylib (in target 'SendToX4' from project 'SendToX4')
    cd /Users/nathanielkirchoff/crossxapp/CrossX-X3
    
    Signing Identity:     "Apple Development: nathanielakirchoff@gmail.com (XU8WT4K96S)"
    
    /usr/bin/codesign --force --sign 54E1A12F56E4B0001FB931B24DFB134331FDF357 -o runtime --timestamp\=none --generate-entitlement-der /Users/nathanielkirchoff/Library/Developer/Xcode/DerivedData/SendToX4-bqjathvbzhnnvwfbqzfrcaqxspzu/Build/Products/Debug/SendToX4.app/Contents/MacOS/__preview.dylib

CodeSign /Users/nathanielkirchoff/Library/Developer/Xcode/DerivedData/SendToX4-bqjathvbzhnnvwfbqzfrcaqxspzu/Build/Products/Debug/SendToX4.app (in target 'SendToX4' from project 'SendToX4')
    cd /Users/nathanielkirchoff/crossxapp/CrossX-X3
    
    Signing Identity:     "Apple Development: nathanielakirchoff@gmail.com (XU8WT4K96S)"
    
    /usr/bin/codesign --force --sign 54E1A12F56E4B0001FB931B24DFB134331FDF357 -o runtime --entitlements /Users/nathanielkirchoff/Library/Developer/Xcode/DerivedData/SendToX4-bqjathvbzhnnvwfbqzfrcaqxspzu/Build/Intermediates.noindex/SendToX4.build/Debug/SendToX4.build/SendToX4.app.xcent --timestamp\=none --generate-entitlement-der /Users/nathanielkirchoff/Library/Developer/Xcode/DerivedData/SendToX4-bqjathvbzhnnvwfbqzfrcaqxspzu/Build/Products/Debug/SendToX4.app

Validate /Users/nathanielkirchoff/Library/Developer/Xcode/DerivedData/SendToX4-bqjathvbzhnnvwfbqzfrcaqxspzu/Build/Products/Debug/SendToX4.app (in target 'SendToX4' from project 'SendToX4')
    cd /Users/nathanielkirchoff/crossxapp/CrossX-X3
    builtin-validationUtility /Users/nathanielkirchoff/Library/Developer/Xcode/DerivedData/SendToX4-bqjathvbzhnnvwfbqzfrcaqxspzu/Build/Products/Debug/SendToX4.app -no-validate-extension -infoplist-subpath Contents/Info.plist

RegisterWithLaunchServices /Users/nathanielkirchoff/Library/Developer/Xcode/DerivedData/SendToX4-bqjathvbzhnnvwfbqzfrcaqxspzu/Build/Products/Debug/SendToX4.app (in target 'SendToX4' from project 'SendToX4')
    cd /Users/nathanielkirchoff/crossxapp/CrossX-X3
    /System/Library/Frameworks/CoreServices.framework/Versions/Current/Frameworks/LaunchServices.framework/Versions/Current/Support/lsregister -f -R -trusted /Users/nathanielkirchoff/Library/Developer/Xcode/DerivedData/SendToX4-bqjathvbzhnnvwfbqzfrcaqxspzu/Build/Products/Debug/SendToX4.app

** BUILD SUCCEEDED **

